interactions:
- request:
    body: null
    headers:
      Accept:
      - '*/*'
      Accept-Encoding:
      - gzip, deflate
      Accept-Language:
      - en-US
      Connection:
      - keep-alive
      Content-Type:
      - application/json
      Country:
      - US
      User-Agent:
      - Mozilla/5.0 (Windows NT 10.0; Win64; x64) AppleWebKit/537.36 (KHTML, like
        Gecko) Chrome/90.0.4430.212 Safari/537.36
    method: GET
    uri: https://m.np.playstation.com/api/gamingLoungeGroups/v1/members/me/groups?includeFields=members&limit=10&offset=0
  response:
    body:
      string: '{"groups": [{"groupId": "~25F64C5ED90889A0.763F9A1EB6AB5790", "groupType":
        0, "members": [{"accountId": "2735457793926007200", "onlineId": "AlphaReturn07"},
        {"accountId": "8520698476712646544", "onlineId": "VaultTec_Trading"}]}, {"groupId":
        "~5E2198D93445F6AF.763F9A1EB6AB5790", "groupType": 0, "members": [{"accountId":
        "8520698476712646544", "onlineId": "VaultTec_Trading"}, {"accountId": "6782870572449003183",
        "onlineId": "diexander1988"}]}, {"groupId": "~6B67D440B306ECC6.763F9A1EB6AB5790",
        "groupType": 0, "members": [{"accountId": "7739387859006057670", "onlineId":
        "Morgo-Florgo"}, {"accountId": "8520698476712646544", "onlineId": "VaultTec_Trading"}]},
        {"groupId": "~40F040D3D7A7C657.763F9A1EB6AB5790", "groupType": 0, "members":
        [{"accountId": "8520698476712646544", "onlineId": "VaultTec_Trading"}, {"accountId":
        "4679311291438319191", "onlineId": "ix-PabZ-xi"}]}, {"groupId": "~763F9A1EB6AB5790.7B2B036F3A92A5D7",
        "groupType": 0, "members": [{"accountId": "8520698476712646544", "onlineId":
        "VaultTec_Trading"}, {"accountId": "8875191266922636759", "onlineId": "icelightning12"}]},
        {"groupId": "~5ED3034C36F43E2E.763F9A1EB6AB5790", "groupType": 0, "members":
        [{"accountId": "6832808685525548590", "onlineId": "Moskyrath_"}, {"accountId":
        "8520698476712646544", "onlineId": "VaultTec_Trading"}]}, {"groupId": "~6411590B24CDA365.763F9A1EB6AB5790",
        "groupType": 0, "members": [{"accountId": "7210642382793843557", "onlineId":
        "AstridSonic"}, {"accountId": "8520698476712646544", "onlineId": "VaultTec_Trading"}]},
        {"groupId": "~25C4C5406FD6D50E.763F9A1EB6AB5790", "groupType": 0, "members":
        [{"accountId": "2721516955383551246", "onlineId": "VaultTec-Co"}, {"accountId":
        "8520698476712646544", "onlineId": "VaultTec_Trading"}]}, {"groupId": "~491503BE66246990.763F9A1EB6AB5790",
        "groupType": 0, "members": [{"accountId": "8520698476712646544", "onlineId":
        "VaultTec_Trading"}, {"accountId": "5266119455571995024", "onlineId": "victorfreeze1986"}]},
        {"groupId": "~3A495B39E829ACE8.763F9A1EB6AB5790", "groupType": 0, "members":
        [{"accountId": "4199988431766007016", "onlineId": "LonelyMerchant"}, {"accountId":
        "8520698476712646544", "onlineId": "VaultTec_Trading"}]}], "previousOffset":
        0, "nextOffset": 10}'
    headers:
      Access-Control-Allow-Headers:
      - Authorization, Content-Type
      Access-Control-Allow-Methods:
      - GET, PUT, POST, DELETE, PATCH, OPTIONS
      Access-Control-Allow-Origin:
      - '*'
      Cache-Control:
      - private
      Connection:
      - keep-alive
      Content-Length:
      - '2081'
      Content-Type:
      - application/json
      Date:
      - Tue, 18 Oct 2022 23:18:32 GMT
      Server:
      - Apache
      Strict-Transport-Security:
      - max-age=63072000; includeSubDomains
      X-Content-Type-Options:
      - nosniff
    status:
      code: 200
      message: OK
- request:
    body: null
    headers:
      Accept:
      - '*/*'
      Accept-Encoding:
      - gzip, deflate
      Accept-Language:
      - en-US
      Connection:
      - keep-alive
      Content-Type:
      - application/json
      Country:
      - US
      User-Agent:
      - Mozilla/5.0 (Windows NT 10.0; Win64; x64) AppleWebKit/537.36 (KHTML, like
        Gecko) Chrome/90.0.4430.212 Safari/537.36
    method: GET
    uri: https://m.np.playstation.com/api/gamingLoungeGroups/v1/members/me/groups/~25F64C5ED90889A0.763F9A1EB6AB5790?includeFields=groupName%2CgroupIcon%2Cmembers%2CmainThread%2CjoinedTimestamp%2CmodifiedTimestamp%2CisFavorite%2CexistsNewArrival%2CpartySessions%2CnotificationSetting
  response:
    body:
      string: '{"groupId": "~25F64C5ED90889A0.763F9A1EB6AB5790", "groupType": 0, "modifiedTimestamp":
        "1666113228109", "groupName": {"value": "", "status": 0}, "groupIcon": {"status":
        0}, "joinedTimestamp": "1616724776000", "isFavorite": false, "existsNewArrival":
        true, "mainThread": {"threadId": "~25F64C5ED90889A0.763F9A1EB6AB5790", "modifiedTimestamp":
        "1666113228109", "latestMessage": {"messageUid": "1#426524986395984", "messageType":
        3, "alternativeMessageType": 1, "body": "", "createdTimestamp": "1666113228109",
        "sender": {"accountId": "2735457793926007200", "onlineId": "AlphaReturn07"}},
        "readMessageUid": "1#421954813790499"}, "members": [{"accountId": "2735457793926007200",
        "onlineId": "AlphaReturn07"}, {"accountId": "8520698476712646544", "onlineId":
        "VaultTec_Trading"}], "partySessions": [], "notificationSetting": {"isMute":
        false}}'
    headers:
      Access-Control-Allow-Headers:
      - Authorization, Content-Type
      Access-Control-Allow-Methods:
      - GET, PUT, POST, DELETE, PATCH, OPTIONS
      Access-Control-Allow-Origin:
      - '*'
      Cache-Control:
      - private
      Connection:
      - keep-alive
      Content-Length:
      - '782'
      Content-Type:
      - application/json
      Date:
      - Tue, 18 Oct 2022 23:18:33 GMT
      Server:
      - Apache
      Strict-Transport-Security:
      - max-age=63072000; includeSubDomains
      X-Content-Type-Options:
      - nosniff
    status:
      code: 200
      message: OK
- request:
    body: null
    headers:
      Accept:
      - '*/*'
      Accept-Encoding:
      - gzip, deflate
      Accept-Language:
      - en-US
      Connection:
      - keep-alive
      Content-Type:
      - application/json
      Country:
      - US
      User-Agent:
      - Mozilla/5.0 (Windows NT 10.0; Win64; x64) AppleWebKit/537.36 (KHTML, like
        Gecko) Chrome/90.0.4430.212 Safari/537.36
    method: GET
    uri: https://m.np.playstation.com/api/gamingLoungeGroups/v1/members/me/groups/~5E2198D93445F6AF.763F9A1EB6AB5790?includeFields=groupName%2CgroupIcon%2Cmembers%2CmainThread%2CjoinedTimestamp%2CmodifiedTimestamp%2CisFavorite%2CexistsNewArrival%2CpartySessions%2CnotificationSetting
  response:
    body:
      string: '{"groupId": "~5E2198D93445F6AF.763F9A1EB6AB5790", "groupType": 0, "modifiedTimestamp":
        "1666018282943", "groupName": {"value": "", "status": 0}, "groupIcon": {"status":
        0}, "joinedTimestamp": "1615642359000", "isFavorite": false, "existsNewArrival":
        true, "mainThread": {"threadId": "~5E2198D93445F6AF.763F9A1EB6AB5790", "modifiedTimestamp":
        "1666018282943", "latestMessage": {"messageUid": "1#426500680433562", "messageType":
        3, "alternativeMessageType": 1, "body": "", "createdTimestamp": "1666018282943",
        "sender": {"accountId": "6782870572449003183", "onlineId": "diexander1988"}},
        "readMessageUid": "1#423255958116636"}, "members": [{"accountId": "8520698476712646544",
        "onlineId": "VaultTec_Trading"}, {"accountId": "6782870572449003183", "onlineId":
        "diexander1988"}], "partySessions": [], "notificationSetting": {"isMute":
        false}}'
    headers:
      Access-Control-Allow-Headers:
      - Authorization, Content-Type
      Access-Control-Allow-Methods:
      - GET, PUT, POST, DELETE, PATCH, OPTIONS
      Access-Control-Allow-Origin:
      - '*'
      Cache-Control:
      - private
      Connection:
      - keep-alive
      Content-Length:
      - '782'
      Content-Type:
      - application/json
      Date:
      - Tue, 18 Oct 2022 23:18:33 GMT
      Server:
      - Apache
      Strict-Transport-Security:
      - max-age=63072000; includeSubDomains
      X-Content-Type-Options:
      - nosniff
    status:
      code: 200
      message: OK
- request:
    body: null
    headers:
      Accept:
      - '*/*'
      Accept-Encoding:
      - gzip, deflate
      Accept-Language:
      - en-US
      Connection:
      - keep-alive
      Content-Type:
      - application/json
      Country:
      - US
      User-Agent:
      - Mozilla/5.0 (Windows NT 10.0; Win64; x64) AppleWebKit/537.36 (KHTML, like
        Gecko) Chrome/90.0.4430.212 Safari/537.36
    method: GET
    uri: https://m.np.playstation.com/api/gamingLoungeGroups/v1/members/me/groups/~6B67D440B306ECC6.763F9A1EB6AB5790?includeFields=groupName%2CgroupIcon%2Cmembers%2CmainThread%2CjoinedTimestamp%2CmodifiedTimestamp%2CisFavorite%2CexistsNewArrival%2CpartySessions%2CnotificationSetting
  response:
    body:
      string: '{"groupId": "~6B67D440B306ECC6.763F9A1EB6AB5790", "groupType": 0, "modifiedTimestamp":
        "1665981436037", "groupName": {"value": "", "status": 0}, "groupIcon": {"status":
        0}, "joinedTimestamp": "1665981435000", "isFavorite": false, "existsNewArrival":
        false, "mainThread": {"threadId": "~6B67D440B306ECC6.763F9A1EB6AB5790", "modifiedTimestamp":
        "1665981436037", "latestMessage": {"messageUid": "1#426491247625554", "messageType":
        1, "alternativeMessageType": 1, "body": "Your verification code is 894696.
        Please do not share this with anyone.", "createdTimestamp": "1665981436037",
        "sender": {"accountId": "8520698476712646544", "onlineId": "VaultTec_Trading"}},
        "readMessageUid": "1#426491247625554"}, "members": [{"accountId": "7739387859006057670",
        "onlineId": "Morgo-Florgo"}, {"accountId": "8520698476712646544", "onlineId":
        "VaultTec_Trading"}], "partySessions": [], "notificationSetting": {"isMute":
        false}}'
    headers:
      Access-Control-Allow-Headers:
      - Authorization, Content-Type
      Access-Control-Allow-Methods:
      - GET, PUT, POST, DELETE, PATCH, OPTIONS
      Access-Control-Allow-Origin:
      - '*'
      Cache-Control:
      - private
      Connection:
      - keep-alive
      Content-Length:
      - '856'
      Content-Type:
      - application/json
      Date:
      - Tue, 18 Oct 2022 23:18:34 GMT
      Server:
      - Apache
      Strict-Transport-Security:
      - max-age=63072000; includeSubDomains
      X-Content-Type-Options:
      - nosniff
    status:
      code: 200
      message: OK
- request:
    body: null
    headers:
      Accept:
      - '*/*'
      Accept-Encoding:
      - gzip, deflate
      Accept-Language:
      - en-US
      Connection:
      - keep-alive
      Content-Type:
      - application/json
      Country:
      - US
      User-Agent:
      - Mozilla/5.0 (Windows NT 10.0; Win64; x64) AppleWebKit/537.36 (KHTML, like
        Gecko) Chrome/90.0.4430.212 Safari/537.36
    method: GET
    uri: https://m.np.playstation.com/api/gamingLoungeGroups/v1/members/me/groups/~40F040D3D7A7C657.763F9A1EB6AB5790?includeFields=groupName%2CgroupIcon%2Cmembers%2CmainThread%2CjoinedTimestamp%2CmodifiedTimestamp%2CisFavorite%2CexistsNewArrival%2CpartySessions%2CnotificationSetting
  response:
    body:
      string: '{"groupId": "~40F040D3D7A7C657.763F9A1EB6AB5790", "groupType": 0, "modifiedTimestamp":
        "1665946928340", "groupName": {"value": "", "status": 0}, "groupIcon": {"status":
        0}, "joinedTimestamp": "1665946928000", "isFavorite": false, "existsNewArrival":
        false, "mainThread": {"threadId": "~40F040D3D7A7C657.763F9A1EB6AB5790", "modifiedTimestamp":
        "1665946928340", "latestMessage": {"messageUid": "1#426482413655168", "messageType":
        1, "alternativeMessageType": 1, "body": "Your verification code is 808657.
        Please do not share this with anyone.", "createdTimestamp": "1665946928340",
        "sender": {"accountId": "8520698476712646544", "onlineId": "VaultTec_Trading"}},
        "readMessageUid": "1#426482413655168"}, "members": [{"accountId": "8520698476712646544",
        "onlineId": "VaultTec_Trading"}, {"accountId": "4679311291438319191", "onlineId":
        "ix-PabZ-xi"}], "partySessions": [], "notificationSetting": {"isMute": false}}'
    headers:
      Access-Control-Allow-Headers:
      - Authorization, Content-Type
      Access-Control-Allow-Methods:
      - GET, PUT, POST, DELETE, PATCH, OPTIONS
      Access-Control-Allow-Origin:
      - '*'
      Cache-Control:
      - private
      Connection:
      - keep-alive
      Content-Length:
      - '854'
      Content-Type:
      - application/json
      Date:
      - Tue, 18 Oct 2022 23:18:34 GMT
      Server:
      - Apache
      Strict-Transport-Security:
      - max-age=63072000; includeSubDomains
      X-Content-Type-Options:
      - nosniff
    status:
      code: 200
      message: OK
- request:
    body: null
    headers:
      Accept:
      - '*/*'
      Accept-Encoding:
      - gzip, deflate
      Accept-Language:
      - en-US
      Connection:
      - keep-alive
      Content-Type:
      - application/json
      Country:
      - US
      User-Agent:
      - Mozilla/5.0 (Windows NT 10.0; Win64; x64) AppleWebKit/537.36 (KHTML, like
        Gecko) Chrome/90.0.4430.212 Safari/537.36
    method: GET
    uri: https://m.np.playstation.com/api/gamingLoungeGroups/v1/members/me/groups/~763F9A1EB6AB5790.7B2B036F3A92A5D7?includeFields=groupName%2CgroupIcon%2Cmembers%2CmainThread%2CjoinedTimestamp%2CmodifiedTimestamp%2CisFavorite%2CexistsNewArrival%2CpartySessions%2CnotificationSetting
  response:
    body:
      string: '{"groupId": "~763F9A1EB6AB5790.7B2B036F3A92A5D7", "groupType": 0, "modifiedTimestamp":
        "1665898025703", "groupName": {"value": "", "status": 0}, "groupIcon": {"status":
        0}, "joinedTimestamp": "1665896815000", "isFavorite": false, "existsNewArrival":
        false, "mainThread": {"threadId": "~763F9A1EB6AB5790.7B2B036F3A92A5D7", "modifiedTimestamp":
        "1665898025703", "latestMessage": {"messageUid": "1#426469894580008", "messageType":
        1, "alternativeMessageType": 1, "body": "Your verification code is 347716.
        Please do not share this with anyone.", "createdTimestamp": "1665898025703",
        "sender": {"accountId": "8520698476712646544", "onlineId": "VaultTec_Trading"}},
        "readMessageUid": "1#426469894580008"}, "members": [{"accountId": "8520698476712646544",
        "onlineId": "VaultTec_Trading"}, {"accountId": "8875191266922636759", "onlineId":
        "icelightning12"}], "partySessions": [], "notificationSetting": {"isMute":
        false}}'
    headers:
      Access-Control-Allow-Headers:
      - Authorization, Content-Type
      Access-Control-Allow-Methods:
      - GET, PUT, POST, DELETE, PATCH, OPTIONS
      Access-Control-Allow-Origin:
      - '*'
      Cache-Control:
      - private
      Connection:
      - keep-alive
      Content-Length:
      - '858'
      Content-Type:
      - application/json
      Date:
      - Tue, 18 Oct 2022 23:18:34 GMT
      Server:
      - Apache
      Strict-Transport-Security:
      - max-age=63072000; includeSubDomains
      X-Content-Type-Options:
      - nosniff
    status:
      code: 200
      message: OK
- request:
    body: null
    headers:
      Accept:
      - '*/*'
      Accept-Encoding:
      - gzip, deflate
      Accept-Language:
      - en-US
      Connection:
      - keep-alive
      Content-Type:
      - application/json
      Country:
      - US
      User-Agent:
      - Mozilla/5.0 (Windows NT 10.0; Win64; x64) AppleWebKit/537.36 (KHTML, like
        Gecko) Chrome/90.0.4430.212 Safari/537.36
    method: GET
    uri: https://m.np.playstation.com/api/gamingLoungeGroups/v1/members/me/groups/~5ED3034C36F43E2E.763F9A1EB6AB5790?includeFields=groupName%2CgroupIcon%2Cmembers%2CmainThread%2CjoinedTimestamp%2CmodifiedTimestamp%2CisFavorite%2CexistsNewArrival%2CpartySessions%2CnotificationSetting
  response:
    body:
      string: '{"groupId": "~5ED3034C36F43E2E.763F9A1EB6AB5790", "groupType": 0, "modifiedTimestamp":
        "1665842551322", "groupName": {"value": "", "status": 0}, "groupIcon": {"status":
        0}, "joinedTimestamp": "1619709141000", "isFavorite": false, "existsNewArrival":
        false, "mainThread": {"threadId": "~5ED3034C36F43E2E.763F9A1EB6AB5790", "modifiedTimestamp":
        "1665842551322", "latestMessage": {"messageUid": "1#426455693138491", "messageType":
        1, "alternativeMessageType": 1, "body": "Your verification code is 107624.
        Please do not share this with anyone.", "createdTimestamp": "1665842551322",
        "sender": {"accountId": "8520698476712646544", "onlineId": "VaultTec_Trading"}},
        "readMessageUid": "1#426455693138491"}, "members": [{"accountId": "6832808685525548590",
        "onlineId": "Moskyrath_"}, {"accountId": "8520698476712646544", "onlineId":
        "VaultTec_Trading"}], "partySessions": [], "notificationSetting": {"isMute":
        false}}'
    headers:
      Access-Control-Allow-Headers:
      - Authorization, Content-Type
      Access-Control-Allow-Methods:
      - GET, PUT, POST, DELETE, PATCH, OPTIONS
      Access-Control-Allow-Origin:
      - '*'
      Cache-Control:
      - private
      Connection:
      - keep-alive
      Content-Length:
      - '854'
      Content-Type:
      - application/json
      Date:
      - Tue, 18 Oct 2022 23:18:35 GMT
      Server:
      - Apache
      Strict-Transport-Security:
      - max-age=63072000; includeSubDomains
      X-Content-Type-Options:
      - nosniff
    status:
      code: 200
      message: OK
- request:
    body: null
    headers:
      Accept:
      - '*/*'
      Accept-Encoding:
      - gzip, deflate
      Accept-Language:
      - en-US
      Connection:
      - keep-alive
      Content-Type:
      - application/json
      Country:
      - US
      User-Agent:
      - Mozilla/5.0 (Windows NT 10.0; Win64; x64) AppleWebKit/537.36 (KHTML, like
        Gecko) Chrome/90.0.4430.212 Safari/537.36
    method: GET
    uri: https://m.np.playstation.com/api/gamingLoungeGroups/v1/members/me/groups/~6411590B24CDA365.763F9A1EB6AB5790?includeFields=groupName%2CgroupIcon%2Cmembers%2CmainThread%2CjoinedTimestamp%2CmodifiedTimestamp%2CisFavorite%2CexistsNewArrival%2CpartySessions%2CnotificationSetting
  response:
    body:
      string: '{"groupId": "~6411590B24CDA365.763F9A1EB6AB5790", "groupType": 0, "modifiedTimestamp":
        "1665811027951", "groupName": {"value": "", "status": 0}, "groupIcon": {"status":
        0}, "joinedTimestamp": "1665810978000", "isFavorite": false, "existsNewArrival":
        false, "mainThread": {"threadId": "~6411590B24CDA365.763F9A1EB6AB5790", "modifiedTimestamp":
        "1665811027951", "latestMessage": {"messageUid": "1#426447623155547", "messageType":
        1, "alternativeMessageType": 1, "body": "Your verification code is 390075.
        Please do not share this with anyone.", "createdTimestamp": "1665811027951",
        "sender": {"accountId": "8520698476712646544", "onlineId": "VaultTec_Trading"}},
        "readMessageUid": "1#426447623155547"}, "members": [{"accountId": "7210642382793843557",
        "onlineId": "AstridSonic"}, {"accountId": "8520698476712646544", "onlineId":
        "VaultTec_Trading"}], "partySessions": [], "notificationSetting": {"isMute":
        false}}'
    headers:
      Access-Control-Allow-Headers:
      - Authorization, Content-Type
      Access-Control-Allow-Methods:
      - GET, PUT, POST, DELETE, PATCH, OPTIONS
      Access-Control-Allow-Origin:
      - '*'
      Cache-Control:
      - private
      Connection:
      - keep-alive
      Content-Length:
      - '855'
      Content-Type:
      - application/json
      Date:
      - Tue, 18 Oct 2022 23:18:35 GMT
      Server:
      - Apache
      Strict-Transport-Security:
      - max-age=63072000; includeSubDomains
      X-Content-Type-Options:
      - nosniff
    status:
      code: 200
      message: OK
- request:
    body: null
    headers:
      Accept:
      - '*/*'
      Accept-Encoding:
      - gzip, deflate
      Accept-Language:
      - en-US
      Connection:
      - keep-alive
      Content-Type:
      - application/json
      Country:
      - US
      User-Agent:
      - Mozilla/5.0 (Windows NT 10.0; Win64; x64) AppleWebKit/537.36 (KHTML, like
        Gecko) Chrome/90.0.4430.212 Safari/537.36
    method: GET
    uri: https://m.np.playstation.com/api/gamingLoungeGroups/v1/members/me/groups/~25C4C5406FD6D50E.763F9A1EB6AB5790?includeFields=groupName%2CgroupIcon%2Cmembers%2CmainThread%2CjoinedTimestamp%2CmodifiedTimestamp%2CisFavorite%2CexistsNewArrival%2CpartySessions%2CnotificationSetting
  response:
    body:
      string: '{"groupId": "~25C4C5406FD6D50E.763F9A1EB6AB5790", "groupType": 0, "modifiedTimestamp":
        "1665801628922", "groupName": {"value": "", "status": 0}, "groupIcon": {"status":
        0}, "joinedTimestamp": "1664473719000", "isFavorite": false, "existsNewArrival":
        false, "mainThread": {"threadId": "~25C4C5406FD6D50E.763F9A1EB6AB5790", "modifiedTimestamp":
        "1665801628922", "latestMessage": {"messageUid": "1#426445217004054", "messageType":
        1, "alternativeMessageType": 1, "body": "Your verification code is 965564.
        Please do not share this with anyone.", "createdTimestamp": "1665801628922",
        "sender": {"accountId": "8520698476712646544", "onlineId": "VaultTec_Trading"}},
        "readMessageUid": "1#426445217004054"}, "members": [{"accountId": "2721516955383551246",
        "onlineId": "VaultTec-Co"}, {"accountId": "8520698476712646544", "onlineId":
        "VaultTec_Trading"}], "partySessions": [], "notificationSetting": {"isMute":
        false}}'
    headers:
      Access-Control-Allow-Headers:
      - Authorization, Content-Type
      Access-Control-Allow-Methods:
      - GET, PUT, POST, DELETE, PATCH, OPTIONS
      Access-Control-Allow-Origin:
      - '*'
      Cache-Control:
      - private
      Connection:
      - keep-alive
      Content-Length:
      - '855'
      Content-Type:
      - application/json
      Date:
      - Tue, 18 Oct 2022 23:18:36 GMT
      Server:
      - Apache
      Strict-Transport-Security:
      - max-age=63072000; includeSubDomains
      X-Content-Type-Options:
      - nosniff
    status:
      code: 200
      message: OK
- request:
    body: null
    headers:
      Accept:
      - '*/*'
      Accept-Encoding:
      - gzip, deflate
      Accept-Language:
      - en-US
      Connection:
      - keep-alive
      Content-Type:
      - application/json
      Country:
      - US
      User-Agent:
      - Mozilla/5.0 (Windows NT 10.0; Win64; x64) AppleWebKit/537.36 (KHTML, like
        Gecko) Chrome/90.0.4430.212 Safari/537.36
    method: GET
    uri: https://m.np.playstation.com/api/gamingLoungeGroups/v1/members/me/groups/~491503BE66246990.763F9A1EB6AB5790?includeFields=groupName%2CgroupIcon%2Cmembers%2CmainThread%2CjoinedTimestamp%2CmodifiedTimestamp%2CisFavorite%2CexistsNewArrival%2CpartySessions%2CnotificationSetting
  response:
    body:
      string: '{"groupId": "~491503BE66246990.763F9A1EB6AB5790", "groupType": 0, "modifiedTimestamp":
        "1665800232748", "groupName": {"value": "", "status": 0}, "groupIcon": {"status":
        0}, "joinedTimestamp": "1665800232000", "isFavorite": false, "existsNewArrival":
        false, "mainThread": {"threadId": "~491503BE66246990.763F9A1EB6AB5790", "modifiedTimestamp":
        "1665800232748", "latestMessage": {"messageUid": "1#426444859583607", "messageType":
        1, "alternativeMessageType": 1, "body": "Your verification code is 486588.
        Please do not share this with anyone.", "createdTimestamp": "1665800232748",
        "sender": {"accountId": "8520698476712646544", "onlineId": "VaultTec_Trading"}},
        "readMessageUid": "1#426444859583607"}, "members": [{"accountId": "8520698476712646544",
        "onlineId": "VaultTec_Trading"}, {"accountId": "5266119455571995024", "onlineId":
        "victorfreeze1986"}], "partySessions": [], "notificationSetting": {"isMute":
        false}}'
    headers:
      Access-Control-Allow-Headers:
      - Authorization, Content-Type
      Access-Control-Allow-Methods:
      - GET, PUT, POST, DELETE, PATCH, OPTIONS
      Access-Control-Allow-Origin:
      - '*'
      Cache-Control:
      - private
      Connection:
      - keep-alive
      Content-Length:
      - '860'
      Content-Type:
      - application/json
      Date:
      - Tue, 18 Oct 2022 23:18:36 GMT
      Server:
      - Apache
      Strict-Transport-Security:
      - max-age=63072000; includeSubDomains
      X-Content-Type-Options:
      - nosniff
    status:
      code: 200
      message: OK
- request:
    body: null
    headers:
      Accept:
      - '*/*'
      Accept-Encoding:
      - gzip, deflate
      Accept-Language:
      - en-US
      Connection:
      - keep-alive
      Content-Type:
      - application/json
      Country:
      - US
      User-Agent:
      - Mozilla/5.0 (Windows NT 10.0; Win64; x64) AppleWebKit/537.36 (KHTML, like
        Gecko) Chrome/90.0.4430.212 Safari/537.36
    method: GET
    uri: https://m.np.playstation.com/api/gamingLoungeGroups/v1/members/me/groups/~3A495B39E829ACE8.763F9A1EB6AB5790?includeFields=groupName%2CgroupIcon%2Cmembers%2CmainThread%2CjoinedTimestamp%2CmodifiedTimestamp%2CisFavorite%2CexistsNewArrival%2CpartySessions%2CnotificationSetting
  response:
    body:
      string: '{"groupId": "~3A495B39E829ACE8.763F9A1EB6AB5790", "groupType": 0, "modifiedTimestamp":
        "1665730765207", "groupName": {"value": "", "status": 0}, "groupIcon": {"status":
        0}, "joinedTimestamp": "1665730765000", "isFavorite": false, "existsNewArrival":
        false, "mainThread": {"threadId": "~3A495B39E829ACE8.763F9A1EB6AB5790", "modifiedTimestamp":
        "1665730765207", "latestMessage": {"messageUid": "1#426427075893186", "messageType":
        1, "alternativeMessageType": 1, "body": "Your verification code is 858706.
        Please do not share this with anyone.", "createdTimestamp": "1665730765207",
        "sender": {"accountId": "8520698476712646544", "onlineId": "VaultTec_Trading"}},
        "readMessageUid": "1#426427075893186"}, "members": [{"accountId": "4199988431766007016",
        "onlineId": "LonelyMerchant"}, {"accountId": "8520698476712646544", "onlineId":
        "VaultTec_Trading"}], "partySessions": [], "notificationSetting": {"isMute":
        false}}'
    headers:
      Access-Control-Allow-Headers:
      - Authorization, Content-Type
      Access-Control-Allow-Methods:
      - GET, PUT, POST, DELETE, PATCH, OPTIONS
      Access-Control-Allow-Origin:
      - '*'
      Cache-Control:
      - private
      Connection:
      - keep-alive
      Content-Length:
      - '858'
      Content-Type:
      - application/json
      Date:
      - Tue, 18 Oct 2022 23:18:37 GMT
      Server:
      - Apache
      Strict-Transport-Security:
      - max-age=63072000; includeSubDomains
      X-Content-Type-Options:
      - nosniff
    status:
      code: 200
      message: OK
version: 1
